
> aws-project@0.1.0 build
> next build

Γû▓ Next.js 16.1.6 (Turbopack)
- Environments: .env

  Creating an optimized production build ...
Γ£ô Compiled successfully in 5.9s
  Running TypeScript ...
  Collecting page data using 31 workers ...
  Generating static pages using 31 workers (0/7) ...
  Generating static pages using 31 workers (1/7) 
  Generating static pages using 31 workers (3/7) 
  Generating static pages using 31 workers (5/7) 
Γ£ô Generating static pages using 31 workers (7/7) in 588.5ms
  Finalizing page optimization ...

Route (app)
Γöî Γùï /
Γö£ Γùï /_not-found
Γö£ ╞Æ /api/auth/[...nextauth]
Γö£ ╞Æ /api/posts
Γö£ ╞Æ /api/posts/[id]
Γö£ ╞Æ /api/upload
Γö£ Γùï /new-post
Γö£ ╞Æ /post/[id]
Γöö ╞Æ /post/[id]/edit


Γùï  (Static)   prerendered as static content
╞Æ  (Dynamic)  server-rendered on demand

