app/new-post/page.tsx(26,5): error TS2322: Type 'Resolver<{ title: string; content: string; coverImage?: string | null | undefined; published?: boolean | undefined; }, any, { title: string; content: string; published: boolean; coverImage?: string | null | undefined; }>' is not assignable to type 'Resolver<{ title: string; content: string; published: boolean; coverImage?: string | null | undefined; }, any, { title: string; content: string; published: boolean; coverImage?: string | null | undefined; }>'.
  Types of parameters 'options' and 'options' are incompatible.
    Type 'ResolverOptions<{ title: string; content: string; published: boolean; coverImage?: string | null | undefined; }>' is not assignable to type 'ResolverOptions<{ title: string; content: string; coverImage?: string | null | undefined; published?: boolean | undefined; }>'.
      Type 'boolean | undefined' is not assignable to type 'boolean'.
        Type 'undefined' is not assignable to type 'boolean'.
app/new-post/page.tsx(74,40): error TS2345: Argument of type '(data: PostInput) => Promise<void>' is not assignable to parameter of type 'SubmitHandler<TFieldValues>'.
  Types of parameters 'data' and 'data' are incompatible.
    Type 'TFieldValues' is not assignable to type '{ title: string; content: string; published: boolean; coverImage?: string | null | undefined; }'.
      Type 'FieldValues' is missing the following properties from type '{ title: string; content: string; published: boolean; coverImage?: string | null | undefined; }': title, content, published
